
> demo-inventory-app@0.1.0 build
> react-scripts build

Creating an optimized production build...
Failed to compile.

Module not found: Error: Can't resolve '../components/PdfViewer' in 'C:\Users\Choijay\Desktop\React\demo-inventory-app\src\pages'


